// Jest Snapshot v1, https://goo.gl/fbAQLP

exports[`With Enzyme App shows 1`] = `ShallowWrapper {}`;
