// Jest Snapshot v1, https://goo.gl/fbAQLP

exports[`With Enzyme App shows 1`] = `ShallowWrapper {}`;

exports[`With Enzyme Room should render 1`] = `ShallowWrapper {}`;
